// Jest Snapshot v1, https://goo.gl/fbAQLP

exports[`Pruebas en GifItem Debe de hacer match con el snapshot 1`] = `
<div>
  <div
    class="card"
  >
    <img
      alt="Tommy"
      src="https://peaky-blinders.com/tommy.jpg"
    />
    <p>
      Tommy
    </p>
  </div>
</div>
`;
